[2025-08-21T18:50:26] Could not resolve MAC for gateway 192.168.1.1. Is the IP correct and reachable?
